2026-07-30T13:52:55.593Z ATTEMPT reservaId=cms7kpsn10003twv4w36utb5v clienteTelefone=+5531971087816
2026-07-30T13:52:56.585Z OK jid=5531971087816@s.whatsapp.net
2026-07-30T13:57:18.578Z ATTEMPT reservaId=cms7kvfk00005twv4p16q5ocx clienteTelefone=+5531971087816
2026-07-30T13:57:21.015Z OK jid=5531971087816@s.whatsapp.net
2026-07-30T14:05:09.319Z ATTEMPT reservaId=cms7kvfk00005twv4p16q5ocx clienteTelefone=+5531971087816
2026-07-30T14:05:11.766Z OK jid=5531971087816@s.whatsapp.net
2026-07-30T14:05:18.356Z ATTEMPT reservaId=cms7kvfk00005twv4p16q5ocx clienteTelefone=+5531971087816
2026-07-30T14:05:18.936Z OK jid=5531971087816@s.whatsapp.net
2026-07-30T14:06:01.844Z ATTEMPT reservaId=cms7kpsn10003twv4w36utb5v clienteTelefone=+5531971087816
2026-07-30T14:06:02.934Z OK jid=5531971087816@s.whatsapp.net
2026-07-30T14:07:12.116Z ATTEMPT reservaId=cms7kpsn10003twv4w36utb5v clienteTelefone=+5531971087816
2026-07-30T14:07:13.196Z OK jid=5531971087816@s.whatsapp.net
2026-07-30T14:08:41.304Z ATTEMPT reservaId=cms7kpsn10003twv4w36utb5v clienteTelefone=+5531971087816
2026-07-30T14:08:42.414Z OK jid=5531971087816@s.whatsapp.net
2026-07-30T14:08:42.577Z ACK jid=5531971087816@s.whatsapp.net id=3EB077714DA497A82B7960 status=0
2026-07-30T14:09:15.542Z ATTEMPT reservaId=cmrw6qpn40001c0v4va04mdye clienteTelefone=31971087816
2026-07-30T14:09:16.515Z OK jid=5531971087816@s.whatsapp.net
2026-07-30T14:09:16.674Z ACK jid=5531971087816@s.whatsapp.net id=3EB0D27315EED43BE0E765 status=0
2026-07-30T17:37:05.044Z ATTEMPT reservaId=cms7kvfk00005twv4p16q5ocx clienteTelefone=+5531971087816
2026-07-30T17:37:06.498Z OK jid=5531971087816@s.whatsapp.net
2026-07-30T17:37:06.694Z ACK jid=5531971087816@s.whatsapp.net id=3EB0847E40F29C24D2BEEC status=0
2026-07-30T17:38:40.032Z ATTEMPT reservaId=cms7kpsn10003twv4w36utb5v clienteTelefone=+5531971087816
2026-07-30T17:38:40.159Z FAIL jid=5531971087816@s.whatsapp.net status=connecting reason=socket_not_open
2026-07-30T17:45:01.780Z ATTEMPT reservaId=cms7kvfk00005twv4p16q5ocx clienteTelefone=+5531971087816
2026-07-30T17:45:03.467Z OK jid=5531971087816@s.whatsapp.net
2026-07-30T18:01:56.028Z ATTEMPT reservaId=cms7kvfk00005twv4p16q5ocx clienteTelefone=+5531971087816
2026-07-30T18:01:56.930Z OK jid=5531971087816@s.whatsapp.net
2026-07-30T18:01:57.065Z ACK jid=5531971087816@s.whatsapp.net id=3EB0236C4CB40CD93E4A25 status=0
2026-07-30T18:25:12.404Z OK jid=5531971087816@s.whatsapp.net
2026-07-30T18:25:12.538Z ACK jid=5531971087816@s.whatsapp.net id=3EB0FE025A15BAF74E9C4E status=0
2026-07-30T18:29:46.102Z ATTEMPT reservaId=cms7ult670001o8v4q0b2cpdl clienteTelefone=+55 31 8235-4127
2026-07-30T18:29:47.425Z OK jid=553182354127@s.whatsapp.net
2026-07-30T18:29:47.570Z ACK jid=553182354127@s.whatsapp.net id=3EB02AB0217417C2DADB19 status=0
2026-07-30T18:32:49.523Z OK jid=187810766143653@lid
2026-07-30T18:32:49.859Z ACK jid=187810766143653:46@lid id=3EB02C6CB7CA9DB81FC402 status=3
2026-07-30T18:32:50.768Z ACK jid=187810766143653@lid id=3EB02C6CB7CA9DB81FC402 status=3
2026-07-30T18:35:33.012Z ACK jid=187810766143653:46@lid id=3EB02C6CB7CA9DB81FC402 status=3
2026-07-30T18:37:18.681Z ACK jid=187810766143653@lid id=3EB02C6CB7CA9DB81FC402 status=2
2026-07-30T18:38:20.973Z ACK jid=187810766143653@lid id=3EB02C6CB7CA9DB81FC402 status=3
